Archive member included to satisfy reference by file (symbol)

d:/enviro~1/gcc-ar~1/102021~1.10/bin/../lib/gcc/arm-none-eabi/10.3.1/thumb/v7e-m/nofp\libgcc.a(_arm_muldf3.o)
                              CMakeFiles/CCU6.elf.dir/User/servo.c.obj (__aeabi_dmul)
d:/enviro~1/gcc-ar~1/102021~1.10/bin/../lib/gcc/arm-none-eabi/10.3.1/thumb/v7e-m/nofp\libgcc.a(_arm_mulsf3.o)
                              CMakeFiles/CCU6.elf.dir/User/pid.c.obj (__aeabi_fmul)
d:/enviro~1/gcc-ar~1/102021~1.10/bin/../lib/gcc/arm-none-eabi/10.3.1/thumb/v7e-m/nofp\libgcc.a(_arm_addsubdf3.o)
                              CMakeFiles/CCU6.elf.dir/User/servo.c.obj (__aeabi_dsub)
d:/enviro~1/gcc-ar~1/102021~1.10/bin/../lib/gcc/arm-none-eabi/10.3.1/thumb/v7e-m/nofp\libgcc.a(_arm_muldivdf3.o)
                              CMakeFiles/CCU6.elf.dir/User/servo.c.obj (__aeabi_ddiv)
d:/enviro~1/gcc-ar~1/102021~1.10/bin/../lib/gcc/arm-none-eabi/10.3.1/thumb/v7e-m/nofp\libgcc.a(_arm_cmpdf2.o)
                              CMakeFiles/CCU6.elf.dir/User/servo.c.obj (__aeabi_dcmpge)
d:/enviro~1/gcc-ar~1/102021~1.10/bin/../lib/gcc/arm-none-eabi/10.3.1/thumb/v7e-m/nofp\libgcc.a(_arm_fixunsdfsi.o)
                              CMakeFiles/CCU6.elf.dir/User/servo.c.obj (__aeabi_d2uiz)
d:/enviro~1/gcc-ar~1/102021~1.10/bin/../lib/gcc/arm-none-eabi/10.3.1/thumb/v7e-m/nofp\libgcc.a(_arm_addsubsf3.o)
                              CMakeFiles/CCU6.elf.dir/User/pid.c.obj (__aeabi_fsub)
d:/enviro~1/gcc-ar~1/102021~1.10/bin/../lib/gcc/arm-none-eabi/10.3.1/thumb/v7e-m/nofp\libgcc.a(_arm_muldivsf3.o)
                              CMakeFiles/CCU6.elf.dir/User/servo.c.obj (__aeabi_fdiv)
d:/enviro~1/gcc-ar~1/102021~1.10/bin/../lib/gcc/arm-none-eabi/10.3.1/thumb/v7e-m/nofp\libgcc.a(_arm_cmpsf2.o)
                              CMakeFiles/CCU6.elf.dir/User/pid.c.obj (__aeabi_fcmpeq)
d:/enviro~1/gcc-ar~1/102021~1.10/bin/../lib/gcc/arm-none-eabi/10.3.1/thumb/v7e-m/nofp\libgcc.a(_arm_fixunssfsi.o)
                              CMakeFiles/CCU6.elf.dir/User/servo.c.obj (__aeabi_f2uiz)
d:/enviro~1/gcc-ar~1/102021~1.10/bin/../lib/gcc/arm-none-eabi/10.3.1/thumb/v7e-m/nofp\libgcc.a(_aeabi_uldivmod.o)
                              CMakeFiles/CCU6.elf.dir/Drivers/STM32F4xx_HAL_Driver/Src/stm32f4xx_hal_rcc.c.obj (__aeabi_uldivmod)
d:/enviro~1/gcc-ar~1/102021~1.10/bin/../lib/gcc/arm-none-eabi/10.3.1/thumb/v7e-m/nofp\libgcc.a(_udivmoddi4.o)
                              d:/enviro~1/gcc-ar~1/102021~1.10/bin/../lib/gcc/arm-none-eabi/10.3.1/thumb/v7e-m/nofp\libgcc.a(_aeabi_uldivmod.o) (__udivmoddi4)
d:/enviro~1/gcc-ar~1/102021~1.10/bin/../lib/gcc/arm-none-eabi/10.3.1/thumb/v7e-m/nofp\libgcc.a(_dvmd_tls.o)
                              d:/enviro~1/gcc-ar~1/102021~1.10/bin/../lib/gcc/arm-none-eabi/10.3.1/thumb/v7e-m/nofp\libgcc.a(_aeabi_uldivmod.o) (__aeabi_ldiv0)
d:/enviro~1/gcc-ar~1/102021~1.10/bin/../lib/gcc/arm-none-eabi/10.3.1/../../../../arm-none-eabi/lib/thumb/v7e-m/nofp\libg.a(lib_a-errno.o)
                              CMakeFiles/CCU6.elf.dir/Core/Src/syscalls.c.obj (__errno)
d:/enviro~1/gcc-ar~1/102021~1.10/bin/../lib/gcc/arm-none-eabi/10.3.1/../../../../arm-none-eabi/lib/thumb/v7e-m/nofp\libg.a(lib_a-exit.o)
                              d:/enviro~1/gcc-ar~1/102021~1.10/bin/../lib/gcc/arm-none-eabi/10.3.1/../../../../arm-none-eabi/lib/thumb/v7e-m/nofp/crt0.o (exit)
d:/enviro~1/gcc-ar~1/102021~1.10/bin/../lib/gcc/arm-none-eabi/10.3.1/../../../../arm-none-eabi/lib/thumb/v7e-m/nofp\libg.a(lib_a-impure.o)
                              d:/enviro~1/gcc-ar~1/102021~1.10/bin/../lib/gcc/arm-none-eabi/10.3.1/../../../../arm-none-eabi/lib/thumb/v7e-m/nofp\libg.a(lib_a-exit.o) (_global_impure_ptr)
d:/enviro~1/gcc-ar~1/102021~1.10/bin/../lib/gcc/arm-none-eabi/10.3.1/../../../../arm-none-eabi/lib/thumb/v7e-m/nofp\libg.a(lib_a-init.o)
                              d:/enviro~1/gcc-ar~1/102021~1.10/bin/../lib/gcc/arm-none-eabi/10.3.1/../../../../arm-none-eabi/lib/thumb/v7e-m/nofp/crt0.o (__libc_init_array)
d:/enviro~1/gcc-ar~1/102021~1.10/bin/../lib/gcc/arm-none-eabi/10.3.1/../../../../arm-none-eabi/lib/thumb/v7e-m/nofp\libg.a(lib_a-memset.o)
                              d:/enviro~1/gcc-ar~1/102021~1.10/bin/../lib/gcc/arm-none-eabi/10.3.1/../../../../arm-none-eabi/lib/thumb/v7e-m/nofp/crt0.o (memset)
d:/enviro~1/gcc-ar~1/102021~1.10/bin/../lib/gcc/arm-none-eabi/10.3.1/../../../../arm-none-eabi/lib/thumb/v7e-m/nofp\libg.a(lib_a-__call_atexit.o)
                              d:/enviro~1/gcc-ar~1/102021~1.10/bin/../lib/gcc/arm-none-eabi/10.3.1/../../../../arm-none-eabi/lib/thumb/v7e-m/nofp\libg.a(lib_a-exit.o) (__call_exitprocs)
d:/enviro~1/gcc-ar~1/102021~1.10/bin/../lib/gcc/arm-none-eabi/10.3.1/../../../../arm-none-eabi/lib/thumb/v7e-m/nofp\libg.a(lib_a-atexit.o)
                              d:/enviro~1/gcc-ar~1/102021~1.10/bin/../lib/gcc/arm-none-eabi/10.3.1/../../../../arm-none-eabi/lib/thumb/v7e-m/nofp\libg.a(lib_a-__call_atexit.o) (atexit)
[...]
Memory Configuration

Name             Origin             Length             Attributes
RAM              0x20000000         0x00010000         xrw
FLASH            0x08000000         0x00040000         xr
*default*        0x00000000         0xffffffff

Linker script and memory map

LOAD d:/enviro~1/gcc-ar~1/102021~1.10/bin/../lib/gcc/arm-none-eabi/10.3.1/thumb/v7e-m/nofp/crti.o
LOAD d:/enviro~1/gcc-ar~1/102021~1.10/bin/../lib/gcc/arm-none-eabi/10.3.1/thumb/v7e-m/nofp/crtbegin.o
LOAD d:/enviro~1/gcc-ar~1/102021~1.10/bin/../lib/gcc/arm-none-eabi/10.3.1/../../../../arm-none-eabi/lib/thumb/v7e-m/nofp/crt0.o
LOAD CMakeFiles/CCU6.elf.dir/Core/Src/dma.c.obj
LOAD CMakeFiles/CCU6.elf.dir/Core/Src/gpio.c.obj
LOAD CMakeFiles/CCU6.elf.dir/Core/Src/main.c.obj
LOAD CMakeFiles/CCU6.elf.dir/Core/Src/stm32f4xx_hal_msp.c.obj
LOAD CMakeFiles/CCU6.elf.dir/Core/Src/stm32f4xx_it.c.obj
LOAD CMakeFiles/CCU6.elf.dir/Core/Src/syscalls.c.obj
LOAD CMakeFiles/CCU6.elf.dir/Core/Src/sysmem.c.obj
LOAD CMakeFiles/CCU6.elf.dir/Core/Src/system_stm32f4xx.c.obj
LOAD CMakeFiles/CCU6.elf.dir/Core/Src/tim.c.obj
LOAD CMakeFiles/CCU6.elf.dir/Core/Src/usart.c.obj
LOAD CMakeFiles/CCU6.elf.dir/Core/Startup/startup_stm32f401ccux.s.obj
LOAD CMakeFiles/CCU6.elf.dir/Drivers/STM32F4xx_HAL_Driver/Src/stm32f4xx_hal.c.obj
LOAD CMakeFiles/CCU6.elf.dir/Drivers/STM32F4xx_HAL_Driver/Src/stm32f4xx_hal_cortex.c.obj
LOAD CMakeFiles/CCU6.elf.dir/Drivers/STM32F4xx_HAL_Driver/Src/stm32f4xx_hal_dma.c.obj
LOAD CMakeFiles/CCU6.elf.dir/Drivers/STM32F4xx_HAL_Driver/Src/stm32f4xx_hal_dma_ex.c.obj
LOAD CMakeFiles/CCU6.elf.dir/Drivers/STM32F4xx_HAL_Driver/Src/stm32f4xx_hal_exti.c.obj
LOAD CMakeFiles/CCU6.elf.dir/Drivers/STM32F4xx_HAL_Driver/Src/stm32f4xx_hal_flash.c.obj
LOAD CMakeFiles/CCU6.elf.dir/Drivers/STM32F4xx_HAL_Driver/Src/stm32f4xx_hal_flash_ex.c.obj
LOAD CMakeFiles/CCU6.elf.dir/Drivers/STM32F4xx_HAL_Driver/Src/stm32f4xx_hal_flash_ramfunc.c.obj
LOAD CMakeFiles/CCU6.elf.dir/Drivers/STM32F4xx_HAL_Driver/Src/stm32f4xx_hal_gpio.c.obj
LOAD CMakeFiles/CCU6.elf.dir/Drivers/STM32F4xx_HAL_Driver/Src/stm32f4xx_hal_pwr.c.obj
LOAD CMakeFiles/CCU6.elf.dir/Drivers/STM32F4xx_HAL_Driver/Src/stm32f4xx_hal_pwr_ex.c.obj
LOAD CMakeFiles/CCU6.elf.dir/Drivers/STM32F4xx_HAL_Driver/Src/stm32f4xx_hal_rcc.c.obj
LOAD CMakeFiles/CCU6.elf.dir/Drivers/STM32F4xx_HAL_Driver/Src/stm32f4xx_hal_rcc_ex.c.obj
LOAD CMakeFiles/CCU6.elf.dir/Drivers/STM32F4xx_HAL_Driver/Src/stm32f4xx_hal_tim.c.obj
LOAD CMakeFiles/CCU6.elf.dir/Drivers/STM32F4xx_HAL_Driver/Src/stm32f4xx_hal_tim_ex.c.obj
LOAD CMakeFiles/CCU6.elf.dir/Drivers/STM32F4xx_HAL_Driver/Src/stm32f4xx_hal_uart.c.obj
LOAD CMakeFiles/CCU6.elf.dir/User/openmv.c.obj
LOAD CMakeFiles/CCU6.elf.dir/User/pid.c.obj
LOAD CMakeFiles/CCU6.elf.dir/User/servo.c.obj
START GROUP
LOAD d:/enviro~1/gcc-ar~1/102021~1.10/bin/../lib/gcc/arm-none-eabi/10.3.1/thumb/v7e-m/nofp\libgcc.a
LOAD d:/enviro~1/gcc-ar~1/102021~1.10/bin/../lib/gcc/arm-none-eabi/10.3.1/../../../../arm-none-eabi/lib/thumb/v7e-m/nofp\libg.a
LOAD d:/enviro~1/gcc-ar~1/102021~1.10/bin/../lib/gcc/arm-none-eabi/10.3.1/../../../../arm-none-eabi/lib/thumb/v7e-m/nofp\libc.a
END GROUP
LOAD d:/enviro~1/gcc-ar~1/102021~1.10/bin/../lib/gcc/arm-none-eabi/10.3.1/thumb/v7e-m/nofp/crtend.o
LOAD d:/enviro~1/gcc-ar~1/102021~1.10/bin/../lib/gcc/arm-none-eabi/10.3.1/thumb/v7e-m/nofp/crtn.o
                0x20010000                _estack = (ORIGIN (RAM) + LENGTH (RAM))
                0x00000200                _Min_Heap_Size = 0x200
                0x00000400                _Min_Stack_Size = 0x400

.isr_vector     0x08000000      0x194
                0x08000000                . = ALIGN (0x4)
 *(.isr_vector)
 .isr_vector    0x08000000      0x194 CMakeFiles/CCU6.elf.dir/Core/Startup/startup_stm32f401ccux.s.obj
                0x08000000                g_pfnVectors
                0x08000194                . = ALIGN (0x4)

.text           0x08000194     0x2dbc
                0x08000194                . = ALIGN (0x4)
 *(.text)
 .text          0x08000194       0x40 d:/enviro~1/gcc-ar~1/102021~1.10/bin/../lib/gcc/arm-none-eabi/10.3.1/thumb/v7e-m/nofp/crtbegin.o
 .text          0x080001d4      0x21c d:/enviro~1/gcc-ar~1/102021~1.10/bin/../lib/gcc/arm-none-eabi/10.3.1/thumb/v7e-m/nofp\libgcc.a(_arm_addsubsf3.o)
                0x080001d4                __aeabi_frsub
                0x080001dc                __subsf3
                0x080001dc                __aeabi_fsub
                0x080001e0                __aeabi_fadd
                0x080001e0                __addsf3
                0x08000340                __aeabi_ui2f
                0x08000340                __floatunsisf
                0x08000348                __aeabi_i2f
                0x08000348                __floatsisf
                0x08000364                __aeabi_ul2f
                0x08000364                __floatundisf
                0x08000374                __aeabi_l2f
                0x08000374                __floatdisf
 .text          0x080003f0       0x40 d:/enviro~1/gcc-ar~1/102021~1.10/bin/../lib/gcc/arm-none-eabi/10.3.1/thumb/v7e-m/nofp\libgcc.a(_arm_fixunssfsi.o)
                0x080003f0                __fixunssfsi
                0x080003f0                __aeabi_f2uiz
 .text          0x08000430       0x30 d:/enviro~1/gcc-ar~1/102021~1.10/bin/../lib/gcc/arm-none-eabi/10.3.1/thumb/v7e-m/nofp\libgcc.a(_aeabi_uldivmod.o)
                0x08000430                __aeabi_uldivmod
 .text          0x08000460      0x2d0 d:/enviro~1/gcc-ar~1/102021~1.10/bin/../lib/gcc/arm-none-eabi/10.3.1/thumb/v7e-m/nofp\libgcc.a(_udivmoddi4.o)
                0x08000460                __udivmoddi4
 .text          0x08000730        0x4 d:/enviro~1/gcc-ar~1/102021~1.10/bin/../lib/gcc/arm-none-eabi/10.3.1/thumb/v7e-m/nofp\libgcc.a(_dvmd_tls.o)
                0x08000730                __aeabi_idiv0
                0x08000730                __aeabi_ldiv0
 *(.text*)
 .text.MX_DMA_Init
                0x08000734       0x44 CMakeFiles/CCU6.elf.dir/Core/Src/dma.c.obj
                0x08000734                MX_DMA_Init
 .text.MX_GPIO_Init
                0x08000778       0x94 CMakeFiles/CCU6.elf.dir/Core/Src/gpio.c.obj
                0x08000778                MX_GPIO_Init
 .text.HAL_TIM_PeriodElapsedCallback
                0x0800080c        0x2 CMakeFiles/CCU6.elf.dir/Core/Src/main.c.obj
                0x0800080c                HAL_TIM_PeriodElapsedCallback
 .text.Error_Handler
                0x0800080e        0x4 CMakeFiles/CCU6.elf.dir/Core/Src/main.c.obj
                0x0800080e                Error_Handler
 *fill*         0x08000812        0x2 
 .text.SystemClock_Config
                0x08000814       0xa4 CMakeFiles/CCU6.elf.dir/Core/Src/main.c.obj
                0x08000814                SystemClock_Config
 .text.main     0x080008b8       0x34 CMakeFiles/CCU6.elf.dir/Core/Src/main.c.obj
                0x080008b8                main
 .text.HAL_MspInit
                0x080008ec       0x38 CMakeFiles/CCU6.elf.dir/Core/Src/stm32f4xx_hal_msp.c.obj
                0x080008ec                HAL_MspInit
 .text.NMI_Handler
                0x08000924        0x2 CMakeFiles/CCU6.elf.dir/Core/Src/stm32f4xx_it.c.obj
                0x08000924                NMI_Handler
 .text.HardFault_Handler
                0x08000926        0x2 CMakeFiles/CCU6.elf.dir/Core/Src/stm32f4xx_it.c.obj
                0x08000926                HardFault_Handler
 .text.MemManage_Handler
                0x08000928        0x2 CMakeFiles/CCU6.elf.dir/Core/Src/stm32f4xx_it.c.obj
                0x08000928                MemManage_Handler
 .text.BusFault_Handler
                0x0800092a        0x2 CMakeFiles/CCU6.elf.dir/Core/Src/stm32f4xx_it.c.obj
                0x0800092a                BusFault_Handler
 .text.UsageFault_Handler
                0x0800092c        0x2 CMakeFiles/CCU6.elf.dir/Core/Src/stm32f4xx_it.c.obj
                0x0800092c                UsageFault_Handler
 .text.SVC_Handler
                0x0800092e        0x2 CMakeFiles/CCU6.elf.dir/Core/Src/stm32f4xx_it.c.obj
                0x0800092e                SVC_Handler
 .text.DebugMon_Handler
                0x08000930        0x2 CMakeFiles/CCU6.elf.dir/Core/Src/stm32f4xx_it.c.obj
                0x08000930                DebugMon_Handler
 .text.PendSV_Handler
                0x08000932        0x2 CMakeFiles/CCU6.elf.dir/Core/Src/stm32f4xx_it.c.obj
                0x08000932                PendSV_Handler
 .text.SysTick_Handler
                0x08000934        0x8 CMakeFiles/CCU6.elf.dir/Core/Src/stm32f4xx_it.c.obj
                0x08000934                SysTick_Handler
 .text.TIM2_IRQHandler
                0x0800093c       0x10 CMakeFiles/CCU6.elf.dir/Core/Src/stm32f4xx_it.c.obj
                0x0800093c                TIM2_IRQHandler
 .text.USART1_IRQHandler
                0x0800094c       0x18 CMakeFiles/CCU6.elf.dir/Core/Src/stm32f4xx_it.c.obj
                0x0800094c                USART1_IRQHandler
 .text.DMA2_Stream2_IRQHandler
                0x08000964       0x10 CMakeFiles/CCU6.elf.dir/Core/Src/stm32f4xx_it.c.obj
                0x08000964                DMA2_Stream2_IRQHandler
 .text.DMA2_Stream7_IRQHandler
                0x08000974       0x10 CMakeFiles/CCU6.elf.dir/Core/Src/stm32f4xx_it.c.obj
                0x08000974                DMA2_Stream7_IRQHandler
 .text.SystemInit
                0x08000984        0x2 CMakeFiles/CCU6.elf.dir/Core/Src/system_stm32f4xx.c.obj
                0x08000984                SystemInit
 *fill*         0x08000986        0x2 
 .text.MX_TIM2_Init
                0x08000988       0x70 CMakeFiles/CCU6.elf.dir/Core/Src/tim.c.obj
                0x08000988                MX_TIM2_Init
 .text.HAL_TIM_Base_MspInit
                0x080009f8       0x3c CMakeFiles/CCU6.elf.dir/Core/Src/tim.c.obj
                0x080009f8                HAL_TIM_Base_MspInit
 .text.HAL_TIM_PWM_MspInit
                0x08000a34       0x30 CMakeFiles/CCU6.elf.dir/Core/Src/tim.c.obj
                0x08000a34                HAL_TIM_PWM_MspInit
 .text.HAL_TIM_MspPostInit
                0x08000a64       0x58 CMakeFiles/CCU6.elf.dir/Core/Src/tim.c.obj
                0x08000a64                HAL_TIM_MspPostInit
 .text.MX_TIM4_Init
                0x08000abc       0x98 CMakeFiles/CCU6.elf.dir/Core/Src/tim.c.obj
                0x08000abc                MX_TIM4_Init
 .text.MX_USART1_UART_Init
                0x08000b54       0x34 CMakeFiles/CCU6.elf.dir/Core/Src/usart.c.obj
                0x08000b54                MX_USART1_UART_Init
 .text.HAL_UART_MspInit
                0x08000b88      0x100 CMakeFiles/CCU6.elf.dir/Core/Src/usart.c.obj
                0x08000b88                HAL_UART_MspInit
 .text.Reset_Handler
                0x08000c88       0x50 CMakeFiles/CCU6.elf.dir/Core/Startup/startup_stm32f401ccux.s.obj
                0x08000c88                Reset_Handler
 .text.Default_Handler
                0x08000cd8        0x2 CMakeFiles/CCU6.elf.dir/Core/Startup/startup_stm32f401ccux.s.obj
                0x08000cd8                RTC_Alarm_IRQHandler
                0x08000cd8                EXTI2_IRQHandler
                0x08000cd8                SPI4_IRQHandler
                0x08000cd8                TIM1_CC_IRQHandler
                0x08000cd8                DMA2_Stream5_IRQHandler
                0x08000cd8                DMA1_Stream5_IRQHandler
                0x08000cd8                PVD_IRQHandler
                0x08000cd8                SDIO_IRQHandler
                0x08000cd8                TAMP_STAMP_IRQHandler
                0x08000cd8                EXTI3_IRQHandler
                0x08000cd8                TIM1_UP_TIM10_IRQHandler
                0x08000cd8                I2C3_ER_IRQHandler
                0x08000cd8                EXTI0_IRQHandler
                0x08000cd8                I2C2_EV_IRQHandler
                0x08000cd8                DMA1_Stream2_IRQHandler
                0x08000cd8                FPU_IRQHandler
                0x08000cd8                SPI1_IRQHandler
                0x08000cd8                TIM1_BRK_TIM9_IRQHandler
                0x08000cd8                DMA2_Stream3_IRQHandler
                0x08000cd8                USART6_IRQHandler
                0x08000cd8                DMA2_Stream0_IRQHandler
                0x08000cd8                TIM4_IRQHandler
                0x08000cd8                I2C1_EV_IRQHandler
                0x08000cd8                DMA1_Stream6_IRQHandler
                0x08000cd8                DMA1_Stream1_IRQHandler
                0x08000cd8                TIM3_IRQHandler
                0x08000cd8                RCC_IRQHandler
                0x08000cd8                Default_Handler
                0x08000cd8                EXTI15_10_IRQHandler
                0x08000cd8                ADC_IRQHandler
                0x08000cd8                DMA1_Stream7_IRQHandler
                0x08000cd8                TIM5_IRQHandler
                0x08000cd8                I2C3_EV_IRQHandler
                0x08000cd8                EXTI9_5_IRQHandler
                0x08000cd8                RTC_WKUP_IRQHandler
                0x08000cd8                SPI2_IRQHandler
                0x08000cd8                DMA1_Stream0_IRQHandler
                0x08000cd8                EXTI4_IRQHandler
                0x08000cd8                WWDG_IRQHandler
                0x08000cd8                OTG_FS_WKUP_IRQHandler
                0x08000cd8                TIM1_TRG_COM_TIM11_IRQHandler
                0x08000cd8                EXTI1_IRQHandler
                0x08000cd8                USART2_IRQHandler
                0x08000cd8                I2C2_ER_IRQHandler
                0x08000cd8                DMA2_Stream1_IRQHandler
                0x08000cd8                FLASH_IRQHandler
                0x08000cd8                DMA2_Stream4_IRQHandler
                0x08000cd8                OTG_FS_IRQHandler
                0x08000cd8                SPI3_IRQHandler
                0x08000cd8                DMA1_Stream4_IRQHandler
                0x08000cd8                I2C1_ER_IRQHandler
                0x08000cd8                DMA2_Stream6_IRQHandler
                0x08000cd8                DMA1_Stream3_IRQHandler
 *fill*         0x08000cda        0x2 
 .text.HAL_InitTick
                0x08000cdc       0x4c CMakeFiles/CCU6.elf.dir/Drivers/STM32F4xx_HAL_Driver/Src/stm32f4xx_hal.c.obj
                0x08000cdc                HAL_InitTick
 .text.HAL_Init
                0x08000d28       0x34 CMakeFiles/CCU6.elf.dir/Drivers/STM32F4xx_HAL_Driver/Src/stm32f4xx_hal.c.obj
                0x08000d28                HAL_Init
 .text.HAL_IncTick
                0x08000d5c       0x18 CMakeFiles/CCU6.elf.dir/Drivers/STM32F4xx_HAL_Driver/Src/stm32f4xx_hal.c.obj
                0x08000d5c                HAL_IncTick
 .text.HAL_GetTick
                0x08000d74        0xc CMakeFiles/CCU6.elf.dir/Drivers/STM32F4xx_HAL_Driver/Src/stm32f4xx_hal.c.obj
                0x08000d74                HAL_GetTick
 .text.HAL_NVIC_SetPriorityGrouping
                0x08000d80       0x24 CMakeFiles/CCU6.elf.dir/Drivers/STM32F4xx_HAL_Driver/Src/stm32f4xx_hal_cortex.c.obj
                0x08000d80                HAL_NVIC_SetPriorityGrouping
 .text.HAL_NVIC_SetPriority
                0x08000da4       0x70 CMakeFiles/CCU6.elf.dir/Drivers/STM32F4xx_HAL_Driver/Src/stm32f4xx_hal_cortex.c.obj
                0x08000da4                HAL_NVIC_SetPriority
 .text.HAL_NVIC_EnableIRQ
                0x08000e14       0x1c CMakeFiles/CCU6.elf.dir/Drivers/STM32F4xx_HAL_Driver/Src/stm32f4xx_hal_cortex.c.obj
                0x08000e14                HAL_NVIC_EnableIRQ
 .text.HAL_SYSTICK_Config
                0x08000e30       0x28 CMakeFiles/CCU6.elf.dir/Drivers/STM32F4xx_HAL_Driver/Src/stm32f4xx_hal_cortex.c.obj
                0x08000e30                HAL_SYSTICK_Config
 .text.DMA_SetConfig
                0x08000e58       0x2c CMakeFiles/CCU6.elf.dir/Drivers/STM32F4xx_HAL_Driver/Src/stm32f4xx_hal_dma.c.obj
 .text.DMA_CalcBaseAndBitshift
                0x08000e84       0x40 CMakeFiles/CCU6.elf.dir/Drivers/STM32F4xx_HAL_Driver/Src/stm32f4xx_hal_dma.c.obj
 .text.DMA_CheckFifoParam
                0x08000ec4       0x8e CMakeFiles/CCU6.elf.dir/Drivers/STM32F4xx_HAL_Driver/Src/stm32f4xx_hal_dma.c.obj
 *fill*         0x08000f52        0x2 
 .text.HAL_DMA_Init
                0x08000f54       0xcc CMakeFiles/CCU6.elf.dir/Drivers/STM32F4xx_HAL_Driver/Src/stm32f4xx_hal_dma.c.obj
                0x08000f54                HAL_DMA_Init
 .text.HAL_DMA_Start_IT
                0x08001020       0x6a CMakeFiles/CCU6.elf.dir/Drivers/STM32F4xx_HAL_Driver/Src/stm32f4xx_hal_dma.c.obj
                0x08001020                HAL_DMA_Start_IT
 .text.HAL_DMA_Abort
                0x0800108a       0x94 CMakeFiles/CCU6.elf.dir/Drivers/STM32F4xx_HAL_Driver/Src/stm32f4xx_hal_dma.c.obj
                0x0800108a                HAL_DMA_Abort
 .text.HAL_DMA_Abort_IT
                0x0800111e       0x26 CMakeFiles/CCU6.elf.dir/Drivers/STM32F4xx_HAL_Driver/Src/stm32f4xx_hal_dma.c.obj
                0x0800111e                HAL_DMA_Abort_IT
 .text.HAL_DMA_IRQHandler
                0x08001144      0x1dc CMakeFiles/CCU6.elf.dir/Drivers/STM32F4xx_HAL_Driver/Src/stm32f4xx_hal_dma.c.obj
                0x08001144                HAL_DMA_IRQHandler
 .text.HAL_GPIO_Init
                0x08001320      0x1c0 CMakeFiles/CCU6.elf.dir/Drivers/STM32F4xx_HAL_Driver/Src/stm32f4xx_hal_gpio.c.obj
                0x08001320                HAL_GPIO_Init
 .text.HAL_GPIO_WritePin
                0x080014e0        0xc CMakeFiles/CCU6.elf.dir/Drivers/STM32F4xx_HAL_Driver/Src/stm32f4xx_hal_gpio.c.obj
                0x080014e0                HAL_GPIO_WritePin
 .text.HAL_RCC_OscConfig
                0x080014ec      0x3f8 CMakeFiles/CCU6.elf.dir/Drivers/STM32F4xx_HAL_Driver/Src/stm32f4xx_hal_rcc.c.obj
                0x080014ec                HAL_RCC_OscConfig
 .text.HAL_RCC_GetSysClockFreq
                0x080018e4       0xa4 CMakeFiles/CCU6.elf.dir/Drivers/STM32F4xx_HAL_Driver/Src/stm32f4xx_hal_rcc.c.obj
                0x080018e4                HAL_RCC_GetSysClockFreq
 .text.HAL_RCC_ClockConfig
                0x08001988      0x160 CMakeFiles/CCU6.elf.dir/Drivers/STM32F4xx_HAL_Driver/Src/stm32f4xx_hal_rcc.c.obj
                0x08001988                HAL_RCC_ClockConfig
 .text.HAL_RCC_GetHCLKFreq
                0x08001ae8        0xc CMakeFiles/CCU6.elf.dir/Drivers/STM32F4xx_HAL_Driver/Src/stm32f4xx_hal_rcc.c.obj
                0x08001ae8                HAL_RCC_GetHCLKFreq
 .text.HAL_RCC_GetPCLK1Freq
                0x08001af4       0x20 CMakeFiles/CCU6.elf.dir/Drivers/STM32F4xx_HAL_Driver/Src/stm32f4xx_hal_rcc.c.obj
                0x08001af4                HAL_RCC_GetPCLK1Freq
 .text.HAL_RCC_GetPCLK2Freq
                0x08001b14       0x20 CMakeFiles/CCU6.elf.dir/Drivers/STM32F4xx_HAL_Driver/Src/stm32f4xx_hal_rcc.c.obj
                0x08001b14                HAL_RCC_GetPCLK2Freq
 .text.TIM_OC1_SetConfig
                0x08001b34       0x5c CMakeFiles/CCU6.elf.dir/Drivers/STM32F4xx_HAL_Driver/Src/stm32f4xx_hal_tim.c.obj
 .text.TIM_OC3_SetConfig
                0x08001b90       0x64 CMakeFiles/CCU6.elf.dir/Drivers/STM32F4xx_HAL_Driver/Src/stm32f4xx_hal_tim.c.obj
 .text.TIM_OC4_SetConfig
                0x08001bf4       0x48 CMakeFiles/CCU6.elf.dir/Drivers/STM32F4xx_HAL_Driver/Src/stm32f4xx_hal_tim.c.obj
 .text.TIM_TI1_ConfigInputStage
                0x08001c3c       0x24 CMakeFiles/CCU6.elf.dir/Drivers/STM32F4xx_HAL_Driver/Src/stm32f4xx_hal_tim.c.obj
 .text.TIM_TI2_ConfigInputStage
                0x08001c60       0x26 CMakeFiles/CCU6.elf.dir/Drivers/STM32F4xx_HAL_Driver/Src/stm32f4xx_hal_tim.c.obj
 .text.TIM_ITRx_SetConfig
                0x08001c86       0x10 CMakeFiles/CCU6.elf.dir/Drivers/STM32F4xx_HAL_Driver/Src/stm32f4xx_hal_tim.c.obj
 *fill*         0x08001c96        0x2 
 .text.HAL_TIM_Base_Start
                0x08001c98       0x6c CMakeFiles/CCU6.elf.dir/Drivers/STM32F4xx_HAL_Driver/Src/stm32f4xx_hal_tim.c.obj
                0x08001c98                HAL_TIM_Base_Start
 .text.HAL_TIM_OC_DelayElapsedCallback
                0x08001d04        0x2 CMakeFiles/CCU6.elf.dir/Drivers/STM32F4xx_HAL_Driver/Src/stm32f4xx_hal_tim.c.obj
                0x08001d04                HAL_TIM_OC_DelayElapsedCallback
 .text.HAL_TIM_IC_CaptureCallback
                0x08001d06        0x2 CMakeFiles/CCU6.elf.dir/Drivers/STM32F4xx_HAL_Driver/Src/stm32f4xx_hal_tim.c.obj
                0x08001d06                HAL_TIM_IC_CaptureCallback
 .text.HAL_TIM_PWM_PulseFinishedCallback
                0x08001d08        0x2 CMakeFiles/CCU6.elf.dir/Drivers/STM32F4xx_HAL_Driver/Src/stm32f4xx_hal_tim.c.obj
                0x08001d08                HAL_TIM_PWM_PulseFinishedCallback
 .text.HAL_TIM_TriggerCallback
                0x08001d0a        0x2 CMakeFiles/CCU6.elf.dir/Drivers/STM32F4xx_HAL_Driver/Src/stm32f4xx_hal_tim.c.obj
                0x08001d0a                HAL_TIM_TriggerCallback
 .text.HAL_TIM_IRQHandler
                0x08001d0c      0x17a CMakeFiles/CCU6.elf.dir/Drivers/STM32F4xx_HAL_Driver/Src/stm32f4xx_hal_tim.c.obj
                0x08001d0c                HAL_TIM_IRQHandler
 *fill*         0x08001e86        0x2 
 .text.TIM_Base_SetConfig
                0x08001e88       0x9c CMakeFiles/CCU6.elf.dir/Drivers/STM32F4xx_HAL_Driver/Src/stm32f4xx_hal_tim.c.obj
                0x08001e88                TIM_Base_SetConfig
 .text.HAL_TIM_Base_Init
                0x08001f24       0x58 CMakeFiles/CCU6.elf.dir/Drivers/STM32F4xx_HAL_Driver/Src/stm32f4xx_hal_tim.c.obj
                0x08001f24                HAL_TIM_Base_Init
 .text.HAL_TIM_PWM_Init
                0x08001f7c       0x58 CMakeFiles/CCU6.elf.dir/Drivers/STM32F4xx_HAL_Driver/Src/stm32f4xx_hal_tim.c.obj
                0x08001f7c                HAL_TIM_PWM_Init
 .text.TIM_OC2_SetConfig
                0x08001fd4       0x64 CMakeFiles/CCU6.elf.dir/Drivers/STM32F4xx_HAL_Driver/Src/stm32f4xx_hal_tim.c.obj
                0x08001fd4                TIM_OC2_SetConfig
 .text.HAL_TIM_PWM_ConfigChannel
                0x08002038       0xdc CMakeFiles/CCU6.elf.dir/Drivers/STM32F4xx_HAL_Driver/Src/stm32f4xx_hal_tim.c.obj
                0x08002038                HAL_TIM_PWM_ConfigChannel
 .text.TIM_ETR_SetConfig
                0x08002114       0x18 CMakeFiles/CCU6.elf.dir/Drivers/STM32F4xx_HAL_Driver/Src/stm32f4xx_hal_tim.c.obj
                0x08002114                TIM_ETR_SetConfig
 .text.HAL_TIM_ConfigClockSource
                0x0800212c       0xfe CMakeFiles/CCU6.elf.dir/Drivers/STM32F4xx_HAL_Driver/Src/stm32f4xx_hal_tim.c.obj
                0x0800212c                HAL_TIM_ConfigClockSource
 .text.TIM_CCxChannelCmd
                0x0800222a       0x1e CMakeFiles/CCU6.elf.dir/Drivers/STM32F4xx_HAL_Driver/Src/stm32f4xx_hal_tim.c.obj
                0x0800222a                TIM_CCxChannelCmd
 .text.HAL_TIM_PWM_Start
                0x08002248       0xf0 CMakeFiles/CCU6.elf.dir/Drivers/STM32F4xx_HAL_Driver/Src/stm32f4xx_hal_tim.c.obj
                0x08002248                HAL_TIM_PWM_Start
 .text.HAL_TIMEx_MasterConfigSynchronization
                0x08002338       0x7c CMakeFiles/CCU6.elf.dir/Drivers/STM32F4xx_HAL_Driver/Src/stm32f4xx_hal_tim_ex.c.obj
                0x08002338                HAL_TIMEx_MasterConfigSynchronization
 .text.HAL_TIMEx_CommutCallback
                0x080023b4        0x2 CMakeFiles/CCU6.elf.dir/Drivers/STM32F4xx_HAL_Driver/Src/stm32f4xx_hal_tim_ex.c.obj
                0x080023b4                HAL_TIMEx_CommutCallback
 .text.HAL_TIMEx_BreakCallback
                0x080023b6        0x2 CMakeFiles/CCU6.elf.dir/Drivers/STM32F4xx_HAL_Driver/Src/stm32f4xx_hal_tim_ex.c.obj
                0x080023b6                HAL_TIMEx_BreakCallback
 .text.UART_EndTxTransfer
                0x080023b8       0x20 CMakeFiles/CCU6.elf.dir/Drivers/STM32F4xx_HAL_Driver/Src/stm32f4xx_hal_uart.c.obj
 .text.UART_EndRxTransfer
                0x080023d8       0x5c CMakeFiles/CCU6.elf.dir/Drivers/STM32F4xx_HAL_Driver/Src/stm32f4xx_hal_uart.c.obj
 .text.UART_Transmit_IT
                0x08002434       0x60 CMakeFiles/CCU6.elf.dir/Drivers/STM32F4xx_HAL_Driver/Src/stm32f4xx_hal_uart.c.obj
 .text.UART_SetConfig
                0x08002494      0x110 CMakeFiles/CCU6.elf.dir/Drivers/STM32F4xx_HAL_Driver/Src/stm32f4xx_hal_uart.c.obj
 .text.HAL_UART_Init
                0x080025a4       0x5e CMakeFiles/CCU6.elf.dir/Drivers/STM32F4xx_HAL_Driver/Src/stm32f4xx_hal_uart.c.obj
                0x080025a4                HAL_UART_Init
 .text.HAL_UART_DMAStop
                0x08002602       0x84 CMakeFiles/CCU6.elf.dir/Drivers/STM32F4xx_HAL_Driver/Src/stm32f4xx_hal_uart.c.obj
                0x08002602                HAL_UART_DMAStop
 .text.HAL_UART_TxCpltCallback
                0x08002686        0x2 CMakeFiles/CCU6.elf.dir/Drivers/STM32F4xx_HAL_Driver/Src/stm32f4xx_hal_uart.c.obj
                0x08002686                HAL_UART_TxCpltCallback
 .text.UART_EndTransmit_IT
                0x08002688       0x1a CMakeFiles/CCU6.elf.dir/Drivers/STM32F4xx_HAL_Driver/Src/stm32f4xx_hal_uart.c.obj
 .text.HAL_UART_RxCpltCallback
                0x080026a2        0x2 CMakeFiles/CCU6.elf.dir/Drivers/STM32F4xx_HAL_Driver/Src/stm32f4xx_hal_uart.c.obj
                0x080026a2                HAL_UART_RxCpltCallback
 .text.HAL_UART_RxHalfCpltCallback
                0x080026a4        0x2 CMakeFiles/CCU6.elf.dir/Drivers/STM32F4xx_HAL_Driver/Src/stm32f4xx_hal_uart.c.obj
                0x080026a4                HAL_UART_RxHalfCpltCallback
 .text.HAL_UART_ErrorCallback
                0x080026a6        0x2 CMakeFiles/CCU6.elf.dir/Drivers/STM32F4xx_HAL_Driver/Src/stm32f4xx_hal_uart.c.obj
                0x080026a6                HAL_UART_ErrorCallback
 .text.UART_DMAError
                0x080026a8       0x58 CMakeFiles/CCU6.elf.dir/Drivers/STM32F4xx_HAL_Driver/Src/stm32f4xx_hal_uart.c.obj
 .text.UART_DMAAbortOnError
                0x08002700       0x10 CMakeFiles/CCU6.elf.dir/Drivers/STM32F4xx_HAL_Driver/Src/stm32f4xx_hal_uart.c.obj
 .text.HAL_UARTEx_RxEventCallback
                0x08002710        0x2 CMakeFiles/CCU6.elf.dir/Drivers/STM32F4xx_HAL_Driver/Src/stm32f4xx_hal_uart.c.obj
                0x08002710                HAL_UARTEx_RxEventCallback
 .text.UART_Receive_IT
                0x08002712       0xe2 CMakeFiles/CCU6.elf.dir/Drivers/STM32F4xx_HAL_Driver/Src/stm32f4xx_hal_uart.c.obj
 .text.HAL_UART_IRQHandler
                0x080027f4      0x280 CMakeFiles/CCU6.elf.dir/Drivers/STM32F4xx_HAL_Driver/Src/stm32f4xx_hal_uart.c.obj
                0x080027f4                HAL_UART_IRQHandler
 .text.UART_DMARxHalfCplt
                0x08002a74       0x1a CMakeFiles/CCU6.elf.dir/Drivers/STM32F4xx_HAL_Driver/Src/stm32f4xx_hal_uart.c.obj
 .text.UART_DMAReceiveCplt
                0x08002a8e       0x96 CMakeFiles/CCU6.elf.dir/Drivers/STM32F4xx_HAL_Driver/Src/stm32f4xx_hal_uart.c.obj
 .text.UART_Start_Receive_DMA
                0x08002b24       0xa8 CMakeFiles/CCU6.elf.dir/Drivers/STM32F4xx_HAL_Driver/Src/stm32f4xx_hal_uart.c.obj
                0x08002b24                UART_Start_Receive_DMA
 .text.HAL_UART_Receive_DMA
                0x08002bcc       0x38 CMakeFiles/CCU6.elf.dir/Drivers/STM32F4xx_HAL_Driver/Src/stm32f4xx_hal_uart.c.obj
                0x08002bcc                HAL_UART_Receive_DMA
 .text.mv_Init  0x08002c04       0x20 CMakeFiles/CCU6.elf.dir/User/openmv.c.obj
                0x08002c04                mv_Init
 .text.mv_getdata
                0x08002c24       0x78 CMakeFiles/CCU6.elf.dir/User/openmv.c.obj
                0x08002c24                mv_getdata
 .text.MV_UartIrqHandler
                0x08002c9c       0x34 CMakeFiles/CCU6.elf.dir/User/openmv.c.obj
                0x08002c9c                MV_UartIrqHandler
 .text.PID_SpeedParamInit
                0x08002cd0       0x58 CMakeFiles/CCU6.elf.dir/User/pid.c.obj
                0x08002cd0                PID_SpeedParamInit
 .text.servo_Init
                0x08002d28       0x44 CMakeFiles/CCU6.elf.dir/User/servo.c.obj
                0x08002d28                servo_Init
 .text.__libc_init_array
                0x08002d6c       0x48 d:/enviro~1/gcc-ar~1/102021~1.10/bin/../lib/gcc/arm-none-eabi/10.3.1/../../../../arm-none-eabi/lib/thumb/v7e-m/nofp\libg.a(lib_a-init.o)
                0x08002d6c                __libc_init_array
 .text.memset   0x08002db4       0xa4 d:/enviro~1/gcc-ar~1/102021~1.10/bin/../lib/gcc/arm-none-eabi/10.3.1/../../../../arm-none-eabi/lib/thumb/v7e-m/nofp\libg.a(lib_a-memset.o)
                0x08002db4                memset
 .text.startup.register_fini
                0x08002e58       0x14 d:/enviro~1/gcc-ar~1/102021~1.10/bin/../lib/gcc/arm-none-eabi/10.3.1/../../../../arm-none-eabi/lib/thumb/v7e-m/nofp\libg.a(lib_a-__call_atexit.o)
 .text.atexit   0x08002e6c        0xc d:/enviro~1/gcc-ar~1/102021~1.10/bin/../lib/gcc/arm-none-eabi/10.3.1/../../../../arm-none-eabi/lib/thumb/v7e-m/nofp\libg.a(lib_a-atexit.o)
                0x08002e6c                atexit
 .text.__libc_fini_array
                0x08002e78       0x2c d:/enviro~1/gcc-ar~1/102021~1.10/bin/../lib/gcc/arm-none-eabi/10.3.1/../../../../arm-none-eabi/lib/thumb/v7e-m/nofp\libg.a(lib_a-fini.o)
                0x08002e78                __libc_fini_array
 .text.__retarget_lock_acquire_recursive
                0x08002ea4        0x4 d:/enviro~1/gcc-ar~1/102021~1.10/bin/../lib/gcc/arm-none-eabi/10.3.1/../../../../arm-none-eabi/lib/thumb/v7e-m/nofp\libg.a(lib_a-lock.o)
                0x08002ea4                __retarget_lock_acquire_recursive
 .text.__retarget_lock_release_recursive
                0x08002ea8        0x4 d:/enviro~1/gcc-ar~1/102021~1.10/bin/../lib/gcc/arm-none-eabi/10.3.1/../../../../arm-none-eabi/lib/thumb/v7e-m/nofp\libg.a(lib_a-lock.o)
                0x08002ea8                __retarget_lock_release_recursive
 .text.__register_exitproc
                0x08002eac       0x8c d:/enviro~1/gcc-ar~1/102021~1.10/bin/../lib/gcc/arm-none-eabi/10.3.1/../../../../arm-none-eabi/lib/thumb/v7e-m/nofp\libg.a(lib_a-__atexit.o)
                0x08002eac                __register_exitproc
 *(.glue_7)
 .glue_7        0x08002f38        0x0 linker stubs
 *(.glue_7t)
 .glue_7t       0x08002f38        0x0 linker stubs
 *(.eh_frame)
 .eh_frame      0x08002f38        0x0 d:/enviro~1/gcc-ar~1/102021~1.10/bin/../lib/gcc/arm-none-eabi/10.3.1/thumb/v7e-m/nofp/crtbegin.o
 *(.init)
 .init          0x08002f38        0x4 d:/enviro~1/gcc-ar~1/102021~1.10/bin/../lib/gcc/arm-none-eabi/10.3.1/thumb/v7e-m/nofp/crti.o
                0x08002f38                _init
 .init          0x08002f3c        0x8 d:/enviro~1/gcc-ar~1/102021~1.10/bin/../lib/gcc/arm-none-eabi/10.3.1/thumb/v7e-m/nofp/crtn.o
 *(.fini)
 .fini          0x08002f44        0x4 d:/enviro~1/gcc-ar~1/102021~1.10/bin/../lib/gcc/arm-none-eabi/10.3.1/thumb/v7e-m/nofp/crti.o
                0x08002f44                _fini
 .fini          0x08002f48        0x8 d:/enviro~1/gcc-ar~1/102021~1.10/bin/../lib/gcc/arm-none-eabi/10.3.1/thumb/v7e-m/nofp/crtn.o
                0x08002f50                . = ALIGN (0x4)
                0x08002f50                _etext = .

.vfp11_veneer   0x08002f50        0x0
 .vfp11_veneer  0x08002f50        0x0 linker stubs

.v4_bx          0x08002f50        0x0
 .v4_bx         0x08002f50        0x0 linker stubs

.iplt           0x08002f50        0x0
 .iplt          0x08002f50        0x0 d:/enviro~1/gcc-ar~1/102021~1.10/bin/../lib/gcc/arm-none-eabi/10.3.1/thumb/v7e-m/nofp/crtbegin.o

.rodata         0x08002f50       0x24
                0x08002f50                . = ALIGN (0x4)
 *(.rodata)
 *(.rodata*)
 .rodata.AHBPrescTable
                0x08002f50       0x10 CMakeFiles/CCU6.elf.dir/Core/Src/system_stm32f4xx.c.obj
                0x08002f50                AHBPrescTable
 .rodata.APBPrescTable
                0x08002f60        0x8 CMakeFiles/CCU6.elf.dir/Core/Src/system_stm32f4xx.c.obj
                0x08002f60                APBPrescTable
 .rodata.flagBitshiftOffset.0
                0x08002f68        0x8 CMakeFiles/CCU6.elf.dir/Drivers/STM32F4xx_HAL_Driver/Src/stm32f4xx_hal_dma.c.obj
 .rodata._global_impure_ptr
                0x08002f70        0x4 d:/enviro~1/gcc-ar~1/102021~1.10/bin/../lib/gcc/arm-none-eabi/10.3.1/../../../../arm-none-eabi/lib/thumb/v7e-m/nofp\libg.a(lib_a-impure.o)
                0x08002f70                _global_impure_ptr
                0x08002f74                . = ALIGN (0x4)

.ARM.extab      0x08002f74        0x0
                0x08002f74                . = ALIGN (0x4)
 *(.ARM.extab* .gnu.linkonce.armextab.*)
                0x08002f74                . = ALIGN (0x4)

.ARM            0x08002f74        0x8
                0x08002f74                . = ALIGN (0x4)
                0x08002f74                __exidx_start = .
 *(.ARM.exidx*)
 .ARM.exidx     0x08002f74        0x8 d:/enviro~1/gcc-ar~1/102021~1.10/bin/../lib/gcc/arm-none-eabi/10.3.1/thumb/v7e-m/nofp\libgcc.a(_udivmoddi4.o)
                0x08002f7c                __exidx_end = .
                0x08002f7c                . = ALIGN (0x4)

.rel.dyn        0x08002f7c        0x0
 .rel.iplt      0x08002f7c        0x0 d:/enviro~1/gcc-ar~1/102021~1.10/bin/../lib/gcc/arm-none-eabi/10.3.1/thumb/v7e-m/nofp/crtbegin.o

.preinit_array  0x08002f7c        0x0
                0x08002f7c                . = ALIGN (0x4)
                0x08002f7c                PROVIDE (__preinit_array_start = .)
 *(.preinit_array*)
                0x08002f7c                PROVIDE (__preinit_array_end = .)
                0x08002f7c                . = ALIGN (0x4)

.init_array     0x08002f7c        0x8
                0x08002f7c                . = ALIGN (0x4)
                0x08002f7c                PROVIDE (__init_array_start = .)
 *(SORT_BY_NAME(.init_array.*))
 .init_array.00000
                0x08002f7c        0x4 d:/enviro~1/gcc-ar~1/102021~1.10/bin/../lib/gcc/arm-none-eabi/10.3.1/../../../../arm-none-eabi/lib/thumb/v7e-m/nofp\libg.a(lib_a-__call_atexit.o)
 *(.init_array*)
 .init_array    0x08002f80        0x4 d:/enviro~1/gcc-ar~1/102021~1.10/bin/../lib/gcc/arm-none-eabi/10.3.1/thumb/v7e-m/nofp/crtbegin.o
                0x08002f84                PROVIDE (__init_array_end = .)
                0x08002f84                . = ALIGN (0x4)

.fini_array     0x08002f84        0x4
                0x08002f84                . = ALIGN (0x4)
                0x08002f84                PROVIDE (__fini_array_start = .)
 *(SORT_BY_NAME(.fini_array.*))
 *(.fini_array*)
 .fini_array    0x08002f84        0x4 d:/enviro~1/gcc-ar~1/102021~1.10/bin/../lib/gcc/arm-none-eabi/10.3.1/thumb/v7e-m/nofp/crtbegin.o
                0x08002f88                PROVIDE (__fini_array_end = .)
                0x08002f88                . = ALIGN (0x4)
                0x08002f88                _sidata = LOADADDR (.data)

.data           0x20000000      0x444 load address 0x08002f88
                0x20000000                . = ALIGN (0x4)
                0x20000000                _sdata = .
 *(.data)
 *(.data*)
 .data.SystemCoreClock
                0x20000000        0x4 CMakeFiles/CCU6.elf.dir/Core/Src/system_stm32f4xx.c.obj
                0x20000000                SystemCoreClock
 .data.uwTickFreq
                0x20000004        0x1 CMakeFiles/CCU6.elf.dir/Drivers/STM32F4xx_HAL_Driver/Src/stm32f4xx_hal.c.obj
                0x20000004                uwTickFreq
 *fill*         0x20000005        0x3 
 .data.uwTickPrio
                0x20000008        0x4 CMakeFiles/CCU6.elf.dir/Drivers/STM32F4xx_HAL_Driver/Src/stm32f4xx_hal.c.obj
                0x20000008                uwTickPrio
 .data.initial_x
                0x2000000c        0x4 CMakeFiles/CCU6.elf.dir/User/servo.c.obj
                0x2000000c                initial_x
 .data.initial_y
                0x20000010        0x4 CMakeFiles/CCU6.elf.dir/User/servo.c.obj
                0x20000010                initial_y
 *fill*         0x20000014        0x4 
 .data.impure_data
                0x20000018      0x428 d:/enviro~1/gcc-ar~1/102021~1.10/bin/../lib/gcc/arm-none-eabi/10.3.1/../../../../arm-none-eabi/lib/thumb/v7e-m/nofp\libg.a(lib_a-impure.o)
 .data.__atexit_recursive_mutex
                0x20000440        0x4 d:/enviro~1/gcc-ar~1/102021~1.10/bin/../lib/gcc/arm-none-eabi/10.3.1/../../../../arm-none-eabi/lib/thumb/v7e-m/nofp\libg.a(lib_a-__call_atexit.o)
                0x20000440                __atexit_recursive_mutex
 *(.RamFunc)
 *(.RamFunc*)
                0x20000444                . = ALIGN (0x4)
                0x20000444                _edata = .

.igot.plt       0x20000444        0x0 load address 0x080033cc
 .igot.plt      0x20000444        0x0 d:/enviro~1/gcc-ar~1/102021~1.10/bin/../lib/gcc/arm-none-eabi/10.3.1/thumb/v7e-m/nofp/crtbegin.o
                0x20000444                . = ALIGN (0x4)

.bss            0x20000444      0x414 load address 0x080033cc
                0x20000444                _sbss = .
                0x20000444                __bss_start__ = _sbss
 *(.bss)
 .bss           0x20000444       0x1c d:/enviro~1/gcc-ar~1/102021~1.10/bin/../lib/gcc/arm-none-eabi/10.3.1/thumb/v7e-m/nofp/crtbegin.o
 *(.bss*)
 .bss.htim2     0x20000460       0x48 CMakeFiles/CCU6.elf.dir/Core/Src/tim.c.obj
                0x20000460                htim2
 .bss.htim4     0x200004a8       0x48 CMakeFiles/CCU6.elf.dir/Core/Src/tim.c.obj
                0x200004a8                htim4
 .bss.hdma_usart1_rx
                0x200004f0       0x60 CMakeFiles/CCU6.elf.dir/Core/Src/usart.c.obj
                0x200004f0                hdma_usart1_rx
 .bss.hdma_usart1_tx
                0x20000550       0x60 CMakeFiles/CCU6.elf.dir/Core/Src/usart.c.obj
                0x20000550                hdma_usart1_tx
 .bss.huart1    0x200005b0       0x44 CMakeFiles/CCU6.elf.dir/Core/Src/usart.c.obj
                0x200005b0                huart1
 .bss.uwTick    0x200005f4        0x4 CMakeFiles/CCU6.elf.dir/Drivers/STM32F4xx_HAL_Driver/Src/stm32f4xx_hal.c.obj
                0x200005f4                uwTick
 .bss.MVRvBuff  0x200005f8       0xff CMakeFiles/CCU6.elf.dir/User/openmv.c.obj
                0x200005f8                MVRvBuff
 *fill*         0x200006f7        0x1 
 .bss.MVTBuff   0x200006f8       0xff CMakeFiles/CCU6.elf.dir/User/openmv.c.obj
                0x200006f8                MVTBuff
 *fill*         0x200007f7        0x1 
 .bss.servo_go  0x200007f8       0x54 CMakeFiles/CCU6.elf.dir/User/servo.c.obj
                0x200007f8                servo_go
 .bss.servo_tar
                0x2000084c        0x8 CMakeFiles/CCU6.elf.dir/User/servo.c.obj
                0x2000084c                servo_tar
 .bss.__lock___atexit_recursive_mutex
                0x20000854        0x1 d:/enviro~1/gcc-ar~1/102021~1.10/bin/../lib/gcc/arm-none-eabi/10.3.1/../../../../arm-none-eabi/lib/thumb/v7e-m/nofp\libg.a(lib_a-lock.o)
                0x20000854                __lock___atexit_recursive_mutex
 *(COMMON)
                0x20000858                . = ALIGN (0x4)
 *fill*         0x20000855        0x3 
                0x20000858                _ebss = .
                0x20000858                __bss_end__ = _ebss

._user_heap_stack
                0x20000858      0x600 load address 0x080033cc
                0x20000858                . = ALIGN (0x8)
                [!provide]                PROVIDE (end = .)
                0x20000858                PROVIDE (_end = .)
                0x20000a58                . = (. + _Min_Heap_Size)
 *fill*         0x20000858      0x200 
                0x20000e58                . = (. + _Min_Stack_Size)
 *fill*         0x20000a58      0x400 
                0x20000e58                . = ALIGN (0x8)

/DISCARD/
 libc.a(*)
 libm.a(*)
 libgcc.a(*)

.ARM.attributes
                0x00000000       0x2a
 *(.ARM.attributes)
 .ARM.attributes
                0x00000000       0x1e d:/enviro~1/gcc-ar~1/102021~1.10/bin/../lib/gcc/arm-none-eabi/10.3.1/thumb/v7e-m/nofp/crti.o
 .ARM.attributes
                0x0000001e       0x2e d:/enviro~1/gcc-ar~1/102021~1.10/bin/../lib/gcc/arm-none-eabi/10.3.1/thumb/v7e-m/nofp/crtbegin.o
 .ARM.attributes
                0x0000004c       0x2e CMakeFiles/CCU6.elf.dir/Core/Src/dma.c.obj
 .ARM.attributes
                0x0000007a       0x2e CMakeFiles/CCU6.elf.dir/Core/Src/gpio.c.obj
 .ARM.attributes
                0x000000a8       0x2e CMakeFiles/CCU6.elf.dir/Core/Src/main.c.obj
 .ARM.attributes
                0x000000d6       0x2e CMakeFiles/CCU6.elf.dir/Core/Src/stm32f4xx_hal_msp.c.obj
 .ARM.attributes
                0x00000104       0x2e CMakeFiles/CCU6.elf.dir/Core/Src/stm32f4xx_it.c.obj
 .ARM.attributes
                0x00000132       0x2e CMakeFiles/CCU6.elf.dir/Core/Src/system_stm32f4xx.c.obj
 .ARM.attributes
                0x00000160       0x2e CMakeFiles/CCU6.elf.dir/Core/Src/tim.c.obj
 .ARM.attributes
                0x0000018e       0x2e CMakeFiles/CCU6.elf.dir/Core/Src/usart.c.obj
 .ARM.attributes
                0x000001bc       0x21 CMakeFiles/CCU6.elf.dir/Core/Startup/startup_stm32f401ccux.s.obj
 .ARM.attributes
                0x000001dd       0x2e CMakeFiles/CCU6.elf.dir/Drivers/STM32F4xx_HAL_Driver/Src/stm32f4xx_hal.c.obj
 .ARM.attributes
                0x0000020b       0x2e CMakeFiles/CCU6.elf.dir/Drivers/STM32F4xx_HAL_Driver/Src/stm32f4xx_hal_cortex.c.obj
 .ARM.attributes
                0x00000239       0x2e CMakeFiles/CCU6.elf.dir/Drivers/STM32F4xx_HAL_Driver/Src/stm32f4xx_hal_dma.c.obj
 .ARM.attributes
                0x00000267       0x2e CMakeFiles/CCU6.elf.dir/Drivers/STM32F4xx_HAL_Driver/Src/stm32f4xx_hal_gpio.c.obj
 .ARM.attributes
                0x00000295       0x2e CMakeFiles/CCU6.elf.dir/Drivers/STM32F4xx_HAL_Driver/Src/stm32f4xx_hal_rcc.c.obj
 .ARM.attributes
                0x000002c3       0x2e CMakeFiles/CCU6.elf.dir/Drivers/STM32F4xx_HAL_Driver/Src/stm32f4xx_hal_tim.c.obj
 .ARM.attributes
                0x000002f1       0x2e CMakeFiles/CCU6.elf.dir/Drivers/STM32F4xx_HAL_Driver/Src/stm32f4xx_hal_tim_ex.c.obj
 .ARM.attributes
                0x0000031f       0x2e CMakeFiles/CCU6.elf.dir/Drivers/STM32F4xx_HAL_Driver/Src/stm32f4xx_hal_uart.c.obj
 .ARM.attributes
                0x0000034d       0x2e CMakeFiles/CCU6.elf.dir/User/openmv.c.obj
 .ARM.attributes
                0x0000037b       0x2e CMakeFiles/CCU6.elf.dir/User/pid.c.obj
 .ARM.attributes
                0x000003a9       0x2e CMakeFiles/CCU6.elf.dir/User/servo.c.obj
 .ARM.attributes
                0x000003d7       0x1e d:/enviro~1/gcc-ar~1/102021~1.10/bin/../lib/gcc/arm-none-eabi/10.3.1/thumb/v7e-m/nofp\libgcc.a(_arm_addsubsf3.o)
 .ARM.attributes
                0x000003f5       0x1e d:/enviro~1/gcc-ar~1/102021~1.10/bin/../lib/gcc/arm-none-eabi/10.3.1/thumb/v7e-m/nofp\libgcc.a(_arm_fixunssfsi.o)
 .ARM.attributes
                0x00000413       0x1e d:/enviro~1/gcc-ar~1/102021~1.10/bin/../lib/gcc/arm-none-eabi/10.3.1/thumb/v7e-m/nofp\libgcc.a(_aeabi_uldivmod.o)
 .ARM.attributes
                0x00000431       0x2e d:/enviro~1/gcc-ar~1/102021~1.10/bin/../lib/gcc/arm-none-eabi/10.3.1/thumb/v7e-m/nofp\libgcc.a(_udivmoddi4.o)
 .ARM.attributes
                0x0000045f       0x1e d:/enviro~1/gcc-ar~1/102021~1.10/bin/../lib/gcc/arm-none-eabi/10.3.1/thumb/v7e-m/nofp\libgcc.a(_dvmd_tls.o)
 .ARM.attributes
                0x0000047d       0x2e d:/enviro~1/gcc-ar~1/102021~1.10/bin/../lib/gcc/arm-none-eabi/10.3.1/../../../../arm-none-eabi/lib/thumb/v7e-m/nofp\libg.a(lib_a-impure.o)
 .ARM.attributes
                0x000004ab       0x2e d:/enviro~1/gcc-ar~1/102021~1.10/bin/../lib/gcc/arm-none-eabi/10.3.1/../../../../arm-none-eabi/lib/thumb/v7e-m/nofp\libg.a(lib_a-init.o)
 .ARM.attributes
                0x000004d9       0x2e d:/enviro~1/gcc-ar~1/102021~1.10/bin/../lib/gcc/arm-none-eabi/10.3.1/../../../../arm-none-eabi/lib/thumb/v7e-m/nofp\libg.a(lib_a-memset.o)
 .ARM.attributes
                0x00000507       0x2e d:/enviro~1/gcc-ar~1/102021~1.10/bin/../lib/gcc/arm-none-eabi/10.3.1/../../../../arm-none-eabi/lib/thumb/v7e-m/nofp\libg.a(lib_a-__call_atexit.o)
 .ARM.attributes
                0x00000535       0x2e d:/enviro~1/gcc-ar~1/102021~1.10/bin/../lib/gcc/arm-none-eabi/10.3.1/../../../../arm-none-eabi/lib/thumb/v7e-m/nofp\libg.a(lib_a-atexit.o)
 .ARM.attributes
                0x00000563       0x2e d:/enviro~1/gcc-ar~1/102021~1.10/bin/../lib/gcc/arm-none-eabi/10.3.1/../../../../arm-none-eabi/lib/thumb/v7e-m/nofp\libg.a(lib_a-fini.o)
 .ARM.attributes
                0x00000591       0x2e d:/enviro~1/gcc-ar~1/102021~1.10/bin/../lib/gcc/arm-none-eabi/10.3.1/../../../../arm-none-eabi/lib/thumb/v7e-m/nofp\libg.a(lib_a-lock.o)
 .ARM.attributes
                0x000005bf       0x2e d:/enviro~1/gcc-ar~1/102021~1.10/bin/../lib/gcc/arm-none-eabi/10.3.1/../../../../arm-none-eabi/lib/thumb/v7e-m/nofp\libg.a(lib_a-__atexit.o)
 .ARM.attributes
                0x000005ed       0x1e d:/enviro~1/gcc-ar~1/102021~1.10/bin/../lib/gcc/arm-none-eabi/10.3.1/thumb/v7e-m/nofp/crtn.o
OUTPUT(CCU6.elf elf32-littlearm)
LOAD linker stubs
LOAD d:/enviro~1/gcc-ar~1/102021~1.10/bin/../lib/gcc/arm-none-eabi/10.3.1/../../../../arm-none-eabi/lib/thumb/v7e-m/nofp\libc.a
LOAD d:/enviro~1/gcc-ar~1/102021~1.10/bin/../lib/gcc/arm-none-eabi/10.3.1/../../../../arm-none-eabi/lib/thumb/v7e-m/nofp\libm.a
LOAD d:/enviro~1/gcc-ar~1/102021~1.10/bin/../lib/gcc/arm-none-eabi/10.3.1/thumb/v7e-m/nofp\libgcc.a

.debug_info     0x00000000    0x12e9a
 .debug_info    0x00000000      0x4c8 CMakeFiles/CCU6.elf.dir/Core/Src/dma.c.obj
 .debug_info    0x000004c8      0x4a5 CMakeFiles/CCU6.elf.dir/Core/Src/gpio.c.obj
 .debug_info    0x0000096d      0xc7f CMakeFiles/CCU6.elf.dir/Core/Src/main.c.obj
 .debug_info    0x000015ec      0x2d0 CMakeFiles/CCU6.elf.dir/Core/Src/stm32f4xx_hal_msp.c.obj
 .debug_info    0x000018bc      0xa8b CMakeFiles/CCU6.elf.dir/Core/Src/stm32f4xx_it.c.obj
 .debug_info    0x00002347      0x3a9 CMakeFiles/CCU6.elf.dir/Core/Src/system_stm32f4xx.c.obj
 .debug_info    0x000026f0      0xfd7 CMakeFiles/CCU6.elf.dir/Core/Src/tim.c.obj
 .debug_info    0x000036c7      0xc84 CMakeFiles/CCU6.elf.dir/Core/Src/usart.c.obj
 .debug_info    0x0000434b       0x22 CMakeFiles/CCU6.elf.dir/Core/Startup/startup_stm32f401ccux.s.obj
 .debug_info    0x0000436d      0x97a CMakeFiles/CCU6.elf.dir/Drivers/STM32F4xx_HAL_Driver/Src/stm32f4xx_hal.c.obj
 .debug_info    0x00004ce7     0x1002 CMakeFiles/CCU6.elf.dir/Drivers/STM32F4xx_HAL_Driver/Src/stm32f4xx_hal_cortex.c.obj
 .debug_info    0x00005ce9      0xb37 CMakeFiles/CCU6.elf.dir/Drivers/STM32F4xx_HAL_Driver/Src/stm32f4xx_hal_dma.c.obj
 .debug_info    0x00006820      0x7d4 CMakeFiles/CCU6.elf.dir/Drivers/STM32F4xx_HAL_Driver/Src/stm32f4xx_hal_gpio.c.obj
 .debug_info    0x00006ff4      0xb29 CMakeFiles/CCU6.elf.dir/Drivers/STM32F4xx_HAL_Driver/Src/stm32f4xx_hal_rcc.c.obj
 .debug_info    0x00007b1d     0x3d53 CMakeFiles/CCU6.elf.dir/Drivers/STM32F4xx_HAL_Driver/Src/stm32f4xx_hal_tim.c.obj
 .debug_info    0x0000b870     0x1ad6 CMakeFiles/CCU6.elf.dir/Drivers/STM32F4xx_HAL_Driver/Src/stm32f4xx_hal_tim_ex.c.obj
 .debug_info    0x0000d346     0x4246 CMakeFiles/CCU6.elf.dir/Drivers/STM32F4xx_HAL_Driver/Src/stm32f4xx_hal_uart.c.obj
 .debug_info    0x0001158c      0x77d CMakeFiles/CCU6.elf.dir/User/openmv.c.obj
 .debug_info    0x00011d09      0x50c CMakeFiles/CCU6.elf.dir/User/pid.c.obj
 .debug_info    0x00012215      0xc85 CMakeFiles/CCU6.elf.dir/User/servo.c.obj

.debug_abbrev   0x00000000     0x2614
 .debug_abbrev  0x00000000      0x126 CMakeFiles/CCU6.elf.dir/Core/Src/dma.c.obj
 .debug_abbrev  0x00000126      0x14e CMakeFiles/CCU6.elf.dir/Core/Src/gpio.c.obj
 .debug_abbrev  0x00000274      0x241 CMakeFiles/CCU6.elf.dir/Core/Src/main.c.obj
 .debug_abbrev  0x000004b5       0xd1 CMakeFiles/CCU6.elf.dir/Core/Src/stm32f4xx_hal_msp.c.obj
 .debug_abbrev  0x00000586      0x1c8 CMakeFiles/CCU6.elf.dir/Core/Src/stm32f4xx_it.c.obj
 .debug_abbrev  0x0000074e      0x119 CMakeFiles/CCU6.elf.dir/Core/Src/system_stm32f4xx.c.obj
 .debug_abbrev  0x00000867      0x209 CMakeFiles/CCU6.elf.dir/Core/Src/tim.c.obj
 .debug_abbrev  0x00000a70      0x1f6 CMakeFiles/CCU6.elf.dir/Core/Src/usart.c.obj
 .debug_abbrev  0x00000c66       0x12 CMakeFiles/CCU6.elf.dir/Core/Startup/startup_stm32f401ccux.s.obj
 .debug_abbrev  0x00000c78      0x237 CMakeFiles/CCU6.elf.dir/Drivers/STM32F4xx_HAL_Driver/Src/stm32f4xx_hal.c.obj
 .debug_abbrev  0x00000eaf      0x36a CMakeFiles/CCU6.elf.dir/Drivers/STM32F4xx_HAL_Driver/Src/stm32f4xx_hal_cortex.c.obj
 .debug_abbrev  0x00001219      0x282 CMakeFiles/CCU6.elf.dir/Drivers/STM32F4xx_HAL_Driver/Src/stm32f4xx_hal_dma.c.obj
 .debug_abbrev  0x0000149b      0x1ef CMakeFiles/CCU6.elf.dir/Drivers/STM32F4xx_HAL_Driver/Src/stm32f4xx_hal_gpio.c.obj
 .debug_abbrev  0x0000168a      0x28a CMakeFiles/CCU6.elf.dir/Drivers/STM32F4xx_HAL_Driver/Src/stm32f4xx_hal_rcc.c.obj
 .debug_abbrev  0x00001914      0x23c CMakeFiles/CCU6.elf.dir/Drivers/STM32F4xx_HAL_Driver/Src/stm32f4xx_hal_tim.c.obj
 .debug_abbrev  0x00001b50      0x252 CMakeFiles/CCU6.elf.dir/Drivers/STM32F4xx_HAL_Driver/Src/stm32f4xx_hal_tim_ex.c.obj
 .debug_abbrev  0x00001da2      0x30e CMakeFiles/CCU6.elf.dir/Drivers/STM32F4xx_HAL_Driver/Src/stm32f4xx_hal_uart.c.obj
 .debug_abbrev  0x000020b0      0x206 CMakeFiles/CCU6.elf.dir/User/openmv.c.obj
 .debug_abbrev  0x000022b6      0x106 CMakeFiles/CCU6.elf.dir/User/pid.c.obj
 .debug_abbrev  0x000023bc      0x258 CMakeFiles/CCU6.elf.dir/User/servo.c.obj

.debug_aranges  0x00000000      0xce0
 .debug_aranges
                0x00000000       0x20 CMakeFiles/CCU6.elf.dir/Core/Src/dma.c.obj
 .debug_aranges
                0x00000020       0x20 CMakeFiles/CCU6.elf.dir/Core/Src/gpio.c.obj
 .debug_aranges
                0x00000040       0x38 CMakeFiles/CCU6.elf.dir/Core/Src/main.c.obj
 .debug_aranges
                0x00000078       0x20 CMakeFiles/CCU6.elf.dir/Core/Src/stm32f4xx_hal_msp.c.obj
 .debug_aranges
                0x00000098       0x80 CMakeFiles/CCU6.elf.dir/Core/Src/stm32f4xx_it.c.obj
 .debug_aranges
                0x00000118       0x28 CMakeFiles/CCU6.elf.dir/Core/Src/system_stm32f4xx.c.obj
 .debug_aranges
                0x00000140       0x50 CMakeFiles/CCU6.elf.dir/Core/Src/tim.c.obj
 .debug_aranges
                0x00000190       0x30 CMakeFiles/CCU6.elf.dir/Core/Src/usart.c.obj
 .debug_aranges
                0x000001c0       0x28 CMakeFiles/CCU6.elf.dir/Core/Startup/startup_stm32f401ccux.s.obj
 .debug_aranges
                0x000001e8       0xf0 CMakeFiles/CCU6.elf.dir/Drivers/STM32F4xx_HAL_Driver/Src/stm32f4xx_hal.c.obj
 .debug_aranges
                0x000002d8       0xa8 CMakeFiles/CCU6.elf.dir/Drivers/STM32F4xx_HAL_Driver/Src/stm32f4xx_hal_cortex.c.obj
 .debug_aranges
                0x00000380       0x90 CMakeFiles/CCU6.elf.dir/Drivers/STM32F4xx_HAL_Driver/Src/stm32f4xx_hal_dma.c.obj
 .debug_aranges
                0x00000410       0x58 CMakeFiles/CCU6.elf.dir/Drivers/STM32F4xx_HAL_Driver/Src/stm32f4xx_hal_gpio.c.obj
 .debug_aranges
                0x00000468       0x88 CMakeFiles/CCU6.elf.dir/Drivers/STM32F4xx_HAL_Driver/Src/stm32f4xx_hal_rcc.c.obj
 .debug_aranges
                0x000004f0      0x3d0 CMakeFiles/CCU6.elf.dir/Drivers/STM32F4xx_HAL_Driver/Src/stm32f4xx_hal_tim.c.obj
 .debug_aranges
                0x000008c0      0x168 CMakeFiles/CCU6.elf.dir/Drivers/STM32F4xx_HAL_Driver/Src/stm32f4xx_hal_tim_ex.c.obj
 .debug_aranges
                0x00000a28      0x200 CMakeFiles/CCU6.elf.dir/Drivers/STM32F4xx_HAL_Driver/Src/stm32f4xx_hal_uart.c.obj
 .debug_aranges
                0x00000c28       0x30 CMakeFiles/CCU6.elf.dir/User/openmv.c.obj
 .debug_aranges
                0x00000c58       0x50 CMakeFiles/CCU6.elf.dir/User/pid.c.obj
 .debug_aranges
                0x00000ca8       0x38 CMakeFiles/CCU6.elf.dir/User/servo.c.obj

.debug_ranges   0x00000000      0xc38
 .debug_ranges  0x00000000       0x10 CMakeFiles/CCU6.elf.dir/Core/Src/dma.c.obj
 .debug_ranges  0x00000010       0x10 CMakeFiles/CCU6.elf.dir/Core/Src/gpio.c.obj
 .debug_ranges  0x00000020       0x28 CMakeFiles/CCU6.elf.dir/Core/Src/main.c.obj
 .debug_ranges  0x00000048       0x10 CMakeFiles/CCU6.elf.dir/Core/Src/stm32f4xx_hal_msp.c.obj
 .debug_ranges  0x00000058       0x70 CMakeFiles/CCU6.elf.dir/Core/Src/stm32f4xx_it.c.obj
 .debug_ranges  0x000000c8       0x18 CMakeFiles/CCU6.elf.dir/Core/Src/system_stm32f4xx.c.obj
 .debug_ranges  0x000000e0       0x40 CMakeFiles/CCU6.elf.dir/Core/Src/tim.c.obj
 .debug_ranges  0x00000120       0x20 CMakeFiles/CCU6.elf.dir/Core/Src/usart.c.obj
 .debug_ranges  0x00000140       0x20 CMakeFiles/CCU6.elf.dir/Core/Startup/startup_stm32f401ccux.s.obj
 .debug_ranges  0x00000160       0xe0 CMakeFiles/CCU6.elf.dir/Drivers/STM32F4xx_HAL_Driver/Src/stm32f4xx_hal.c.obj
 .debug_ranges  0x00000240       0xf8 CMakeFiles/CCU6.elf.dir/Drivers/STM32F4xx_HAL_Driver/Src/stm32f4xx_hal_cortex.c.obj
 .debug_ranges  0x00000338       0x80 CMakeFiles/CCU6.elf.dir/Drivers/STM32F4xx_HAL_Driver/Src/stm32f4xx_hal_dma.c.obj
 .debug_ranges  0x000003b8       0x48 CMakeFiles/CCU6.elf.dir/Drivers/STM32F4xx_HAL_Driver/Src/stm32f4xx_hal_gpio.c.obj
 .debug_ranges  0x00000400       0x90 CMakeFiles/CCU6.elf.dir/Drivers/STM32F4xx_HAL_Driver/Src/stm32f4xx_hal_rcc.c.obj
 .debug_ranges  0x00000490      0x3c0 CMakeFiles/CCU6.elf.dir/Drivers/STM32F4xx_HAL_Driver/Src/stm32f4xx_hal_tim.c.obj
 .debug_ranges  0x00000850      0x158 CMakeFiles/CCU6.elf.dir/Drivers/STM32F4xx_HAL_Driver/Src/stm32f4xx_hal_tim_ex.c.obj
 .debug_ranges  0x000009a8      0x208 CMakeFiles/CCU6.elf.dir/Drivers/STM32F4xx_HAL_Driver/Src/stm32f4xx_hal_uart.c.obj
 .debug_ranges  0x00000bb0       0x20 CMakeFiles/CCU6.elf.dir/User/openmv.c.obj
 .debug_ranges  0x00000bd0       0x40 CMakeFiles/CCU6.elf.dir/User/pid.c.obj
 .debug_ranges  0x00000c10       0x28 CMakeFiles/CCU6.elf.dir/User/servo.c.obj

.debug_line     0x00000000     0xfd8c
 .debug_line    0x00000000      0x1a6 CMakeFiles/CCU6.elf.dir/Core/Src/dma.c.obj
 .debug_line    0x000001a6      0x1dd CMakeFiles/CCU6.elf.dir/Core/Src/gpio.c.obj
 .debug_line    0x00000383      0x3fe CMakeFiles/CCU6.elf.dir/Core/Src/main.c.obj
 .debug_line    0x00000781      0x164 CMakeFiles/CCU6.elf.dir/Core/Src/stm32f4xx_hal_msp.c.obj
 .debug_line    0x000008e5      0x3a7 CMakeFiles/CCU6.elf.dir/Core/Src/stm32f4xx_it.c.obj
 .debug_line    0x00000c8c      0x22d CMakeFiles/CCU6.elf.dir/Core/Src/system_stm32f4xx.c.obj
 .debug_line    0x00000eb9      0x492 CMakeFiles/CCU6.elf.dir/Core/Src/tim.c.obj
 .debug_line    0x0000134b      0x3e3 CMakeFiles/CCU6.elf.dir/Core/Src/usart.c.obj
 .debug_line    0x0000172e       0x9c CMakeFiles/CCU6.elf.dir/Core/Startup/startup_stm32f401ccux.s.obj
 .debug_line    0x000017ca      0x59d CMakeFiles/CCU6.elf.dir/Drivers/STM32F4xx_HAL_Driver/Src/stm32f4xx_hal.c.obj
 .debug_line    0x00001d67      0x7b0 CMakeFiles/CCU6.elf.dir/Drivers/STM32F4xx_HAL_Driver/Src/stm32f4xx_hal_cortex.c.obj
 .debug_line    0x00002517      0xe46 CMakeFiles/CCU6.elf.dir/Drivers/STM32F4xx_HAL_Driver/Src/stm32f4xx_hal_dma.c.obj
 .debug_line    0x0000335d      0x6e4 CMakeFiles/CCU6.elf.dir/Drivers/STM32F4xx_HAL_Driver/Src/stm32f4xx_hal_gpio.c.obj
 .debug_line    0x00003a41      0xb30 CMakeFiles/CCU6.elf.dir/Drivers/STM32F4xx_HAL_Driver/Src/stm32f4xx_hal_rcc.c.obj
 .debug_line    0x00004571     0x49d8 CMakeFiles/CCU6.elf.dir/Drivers/STM32F4xx_HAL_Driver/Src/stm32f4xx_hal_tim.c.obj
 .debug_line    0x00008f49     0x1c83 CMakeFiles/CCU6.elf.dir/Drivers/STM32F4xx_HAL_Driver/Src/stm32f4xx_hal_tim_ex.c.obj
 .debug_line    0x0000abcc     0x4626 CMakeFiles/CCU6.elf.dir/Drivers/STM32F4xx_HAL_Driver/Src/stm32f4xx_hal_uart.c.obj
 .debug_line    0x0000f1f2      0x2bd CMakeFiles/CCU6.elf.dir/User/openmv.c.obj
 .debug_line    0x0000f4af      0x4f9 CMakeFiles/CCU6.elf.dir/User/pid.c.obj
 .debug_line    0x0000f9a8      0x3e4 CMakeFiles/CCU6.elf.dir/User/servo.c.obj

.debug_str      0x00000000     0x40a5
 .debug_str     0x00000000      0x64b CMakeFiles/CCU6.elf.dir/Core/Src/dma.c.obj
                                0x68d (size before relaxing)
 .debug_str     0x0000064b       0xe3 CMakeFiles/CCU6.elf.dir/Core/Src/gpio.c.obj
                                0x398 (size before relaxing)
 .debug_str     0x0000072e      0x723 CMakeFiles/CCU6.elf.dir/Core/Src/main.c.obj
                                0xa78 (size before relaxing)
 .debug_str     0x00000e51       0x40 CMakeFiles/CCU6.elf.dir/Core/Src/stm32f4xx_hal_msp.c.obj
                                0x2e7 (size before relaxing)
 .debug_str     0x00000e91      0x350 CMakeFiles/CCU6.elf.dir/Core/Src/stm32f4xx_it.c.obj
                                0xa54 (size before relaxing)
 .debug_str     0x000011e1       0x9b CMakeFiles/CCU6.elf.dir/Core/Src/system_stm32f4xx.c.obj
                                0x34d (size before relaxing)
 .debug_str     0x0000127c      0x250 CMakeFiles/CCU6.elf.dir/Core/Src/tim.c.obj
                                0xec8 (size before relaxing)
 .debug_str     0x000014cc       0x91 CMakeFiles/CCU6.elf.dir/Core/Src/usart.c.obj
                                0xc2a (size before relaxing)
 .debug_str     0x0000155d       0x4a CMakeFiles/CCU6.elf.dir/Core/Startup/startup_stm32f401ccux.s.obj
                                 0x73 (size before relaxing)
 .debug_str     0x000015a7      0x375 CMakeFiles/CCU6.elf.dir/Drivers/STM32F4xx_HAL_Driver/Src/stm32f4xx_hal.c.obj
                                0xa24 (size before relaxing)
 .debug_str     0x0000191c      0x49f CMakeFiles/CCU6.elf.dir/Drivers/STM32F4xx_HAL_Driver/Src/stm32f4xx_hal_cortex.c.obj
                                0xae4 (size before relaxing)
 .debug_str     0x00001dbb      0x2f9 CMakeFiles/CCU6.elf.dir/Drivers/STM32F4xx_HAL_Driver/Src/stm32f4xx_hal_dma.c.obj
                                0x790 (size before relaxing)
 .debug_str     0x000020b4      0x13c CMakeFiles/CCU6.elf.dir/Drivers/STM32F4xx_HAL_Driver/Src/stm32f4xx_hal_gpio.c.obj
                                0x50c (size before relaxing)
 .debug_str     0x000021f0      0x1b8 CMakeFiles/CCU6.elf.dir/Drivers/STM32F4xx_HAL_Driver/Src/stm32f4xx_hal_rcc.c.obj
                                0x732 (size before relaxing)
 .debug_str     0x000023a8      0xd75 CMakeFiles/CCU6.elf.dir/Drivers/STM32F4xx_HAL_Driver/Src/stm32f4xx_hal_tim.c.obj
                               0x16d3 (size before relaxing)
 .debug_str     0x0000311d      0x538 CMakeFiles/CCU6.elf.dir/Drivers/STM32F4xx_HAL_Driver/Src/stm32f4xx_hal_tim_ex.c.obj
                                0xed4 (size before relaxing)
 .debug_str     0x00003655      0x603 CMakeFiles/CCU6.elf.dir/Drivers/STM32F4xx_HAL_Driver/Src/stm32f4xx_hal_uart.c.obj
                                0xd73 (size before relaxing)
 .debug_str     0x00003c58       0x71 CMakeFiles/CCU6.elf.dir/User/openmv.c.obj
                                0x6d3 (size before relaxing)
 .debug_str     0x00003cc9      0x28b CMakeFiles/CCU6.elf.dir/User/pid.c.obj
                                0x421 (size before relaxing)
 .debug_str     0x00003f54      0x151 CMakeFiles/CCU6.elf.dir/User/servo.c.obj
                                0x9c2 (size before relaxing)

.comment        0x00000000       0x49
 .comment       0x00000000       0x49 CMakeFiles/CCU6.elf.dir/Core/Src/dma.c.obj
                                 0x4a (size before relaxing)
 .comment       0x00000049       0x4a CMakeFiles/CCU6.elf.dir/Core/Src/gpio.c.obj
 .comment       0x00000049       0x4a CMakeFiles/CCU6.elf.dir/Core/Src/main.c.obj
 .comment       0x00000049       0x4a CMakeFiles/CCU6.elf.dir/Core/Src/stm32f4xx_hal_msp.c.obj
 .comment       0x00000049       0x4a CMakeFiles/CCU6.elf.dir/Core/Src/stm32f4xx_it.c.obj
 .comment       0x00000049       0x4a CMakeFiles/CCU6.elf.dir/Core/Src/system_stm32f4xx.c.obj
 .comment       0x00000049       0x4a CMakeFiles/CCU6.elf.dir/Core/Src/tim.c.obj
 .comment       0x00000049       0x4a CMakeFiles/CCU6.elf.dir/Core/Src/usart.c.obj
 .comment       0x00000049       0x4a CMakeFiles/CCU6.elf.dir/Drivers/STM32F4xx_HAL_Driver/Src/stm32f4xx_hal.c.obj
 .comment       0x00000049       0x4a CMakeFiles/CCU6.elf.dir/Drivers/STM32F4xx_HAL_Driver/Src/stm32f4xx_hal_cortex.c.obj
 .comment       0x00000049       0x4a CMakeFiles/CCU6.elf.dir/Drivers/STM32F4xx_HAL_Driver/Src/stm32f4xx_hal_dma.c.obj
 .comment       0x00000049       0x4a CMakeFiles/CCU6.elf.dir/Drivers/STM32F4xx_HAL_Driver/Src/stm32f4xx_hal_gpio.c.obj
 .comment       0x00000049       0x4a CMakeFiles/CCU6.elf.dir/Drivers/STM32F4xx_HAL_Driver/Src/stm32f4xx_hal_rcc.c.obj
 .comment       0x00000049       0x4a CMakeFiles/CCU6.elf.dir/Drivers/STM32F4xx_HAL_Driver/Src/stm32f4xx_hal_tim.c.obj
 .comment       0x00000049       0x4a CMakeFiles/CCU6.elf.dir/Drivers/STM32F4xx_HAL_Driver/Src/stm32f4xx_hal_tim_ex.c.obj
 .comment       0x00000049       0x4a CMakeFiles/CCU6.elf.dir/Drivers/STM32F4xx_HAL_Driver/Src/stm32f4xx_hal_uart.c.obj
 .comment       0x00000049       0x4a CMakeFiles/CCU6.elf.dir/User/openmv.c.obj
 .comment       0x00000049       0x4a CMakeFiles/CCU6.elf.dir/User/pid.c.obj
 .comment       0x00000049       0x4a CMakeFiles/CCU6.elf.dir/User/servo.c.obj

.debug_frame    0x00000000     0x23a8
 .debug_frame   0x00000000       0x30 CMakeFiles/CCU6.elf.dir/Core/Src/dma.c.obj
 .debug_frame   0x00000030       0x30 CMakeFiles/CCU6.elf.dir/Core/Src/gpio.c.obj
 .debug_frame   0x00000060       0x68 CMakeFiles/CCU6.elf.dir/Core/Src/main.c.obj
 .debug_frame   0x000000c8       0x28 CMakeFiles/CCU6.elf.dir/Core/Src/stm32f4xx_hal_msp.c.obj
 .debug_frame   0x000000f0      0x108 CMakeFiles/CCU6.elf.dir/Core/Src/stm32f4xx_it.c.obj
 .debug_frame   0x000001f8       0x30 CMakeFiles/CCU6.elf.dir/Core/Src/system_stm32f4xx.c.obj
 .debug_frame   0x00000228       0xcc CMakeFiles/CCU6.elf.dir/Core/Src/tim.c.obj
 .debug_frame   0x000002f4       0x64 CMakeFiles/CCU6.elf.dir/Core/Src/usart.c.obj
 .debug_frame   0x00000358      0x1ec CMakeFiles/CCU6.elf.dir/Drivers/STM32F4xx_HAL_Driver/Src/stm32f4xx_hal.c.obj
 .debug_frame   0x00000544      0x148 CMakeFiles/CCU6.elf.dir/Drivers/STM32F4xx_HAL_Driver/Src/stm32f4xx_hal_cortex.c.obj
 .debug_frame   0x0000068c      0x188 CMakeFiles/CCU6.elf.dir/Drivers/STM32F4xx_HAL_Driver/Src/stm32f4xx_hal_dma.c.obj
 .debug_frame   0x00000814       0xd8 CMakeFiles/CCU6.elf.dir/Drivers/STM32F4xx_HAL_Driver/Src/stm32f4xx_hal_gpio.c.obj
 .debug_frame   0x000008ec      0x16c CMakeFiles/CCU6.elf.dir/Drivers/STM32F4xx_HAL_Driver/Src/stm32f4xx_hal_rcc.c.obj
 .debug_frame   0x00000a58      0xb18 CMakeFiles/CCU6.elf.dir/Drivers/STM32F4xx_HAL_Driver/Src/stm32f4xx_hal_tim.c.obj
 .debug_frame   0x00001570      0x40c CMakeFiles/CCU6.elf.dir/Drivers/STM32F4xx_HAL_Driver/Src/stm32f4xx_hal_tim_ex.c.obj
 .debug_frame   0x0000197c      0x5cc CMakeFiles/CCU6.elf.dir/Drivers/STM32F4xx_HAL_Driver/Src/stm32f4xx_hal_uart.c.obj
 .debug_frame   0x00001f48       0x64 CMakeFiles/CCU6.elf.dir/User/openmv.c.obj
 .debug_frame   0x00001fac       0xb8 CMakeFiles/CCU6.elf.dir/User/pid.c.obj
 .debug_frame   0x00002064       0x88 CMakeFiles/CCU6.elf.dir/User/servo.c.obj
 .debug_frame   0x000020ec       0x4c d:/enviro~1/gcc-ar~1/102021~1.10/bin/../lib/gcc/arm-none-eabi/10.3.1/thumb/v7e-m/nofp\libgcc.a(_arm_addsubsf3.o)
 .debug_frame   0x00002138       0x24 d:/enviro~1/gcc-ar~1/102021~1.10/bin/../lib/gcc/arm-none-eabi/10.3.1/thumb/v7e-m/nofp\libgcc.a(_arm_fixunssfsi.o)
 .debug_frame   0x0000215c       0x2c d:/enviro~1/gcc-ar~1/102021~1.10/bin/../lib/gcc/arm-none-eabi/10.3.1/thumb/v7e-m/nofp\libgcc.a(_aeabi_uldivmod.o)
 .debug_frame   0x00002188       0x34 d:/enviro~1/gcc-ar~1/102021~1.10/bin/../lib/gcc/arm-none-eabi/10.3.1/thumb/v7e-m/nofp\libgcc.a(_udivmoddi4.o)
 .debug_frame   0x000021bc       0x2c d:/enviro~1/gcc-ar~1/102021~1.10/bin/../lib/gcc/arm-none-eabi/10.3.1/../../../../arm-none-eabi/lib/thumb/v7e-m/nofp\libg.a(lib_a-init.o)
 .debug_frame   0x000021e8       0x2c d:/enviro~1/gcc-ar~1/102021~1.10/bin/../lib/gcc/arm-none-eabi/10.3.1/../../../../arm-none-eabi/lib/thumb/v7e-m/nofp\libg.a(lib_a-memset.o)
 .debug_frame   0x00002214       0x5c d:/enviro~1/gcc-ar~1/102021~1.10/bin/../lib/gcc/arm-none-eabi/10.3.1/../../../../arm-none-eabi/lib/thumb/v7e-m/nofp\libg.a(lib_a-__call_atexit.o)
 .debug_frame   0x00002270       0x20 d:/enviro~1/gcc-ar~1/102021~1.10/bin/../lib/gcc/arm-none-eabi/10.3.1/../../../../arm-none-eabi/lib/thumb/v7e-m/nofp\libg.a(lib_a-atexit.o)
 .debug_frame   0x00002290       0x34 d:/enviro~1/gcc-ar~1/102021~1.10/bin/../lib/gcc/arm-none-eabi/10.3.1/../../../../arm-none-eabi/lib/thumb/v7e-m/nofp\libg.a(lib_a-fini.o)
 .debug_frame   0x000022c4       0xb0 d:/enviro~1/gcc-ar~1/102021~1.10/bin/../lib/gcc/arm-none-eabi/10.3.1/../../../../arm-none-eabi/lib/thumb/v7e-m/nofp\libg.a(lib_a-lock.o)
 .debug_frame   0x00002374       0x34 d:/enviro~1/gcc-ar~1/102021~1.10/bin/../lib/gcc/arm-none-eabi/10.3.1/../../../../arm-none-eabi/lib/thumb/v7e-m/nofp\libg.a(lib_a-__atexit.o)

.debug_loc      0x00000000     0xdb33
 .debug_loc     0x00000000      0x158 CMakeFiles/CCU6.elf.dir/Core/Src/system_stm32f4xx.c.obj
 .debug_loc     0x00000158       0xa9 CMakeFiles/CCU6.elf.dir/Core/Src/tim.c.obj
 .debug_loc     0x00000201       0x71 CMakeFiles/CCU6.elf.dir/Core/Src/usart.c.obj
 .debug_loc     0x00000272      0x141 CMakeFiles/CCU6.elf.dir/Drivers/STM32F4xx_HAL_Driver/Src/stm32f4xx_hal.c.obj
 .debug_loc     0x000003b3      0x744 CMakeFiles/CCU6.elf.dir/Drivers/STM32F4xx_HAL_Driver/Src/stm32f4xx_hal_cortex.c.obj
 .debug_loc     0x00000af7      0xbf9 CMakeFiles/CCU6.elf.dir/Drivers/STM32F4xx_HAL_Driver/Src/stm32f4xx_hal_dma.c.obj
 .debug_loc     0x000016f0      0x520 CMakeFiles/CCU6.elf.dir/Drivers/STM32F4xx_HAL_Driver/Src/stm32f4xx_hal_gpio.c.obj
 .debug_loc     0x00001c10      0x58c CMakeFiles/CCU6.elf.dir/Drivers/STM32F4xx_HAL_Driver/Src/stm32f4xx_hal_rcc.c.obj
 .debug_loc     0x0000219c     0x511c CMakeFiles/CCU6.elf.dir/Drivers/STM32F4xx_HAL_Driver/Src/stm32f4xx_hal_tim.c.obj
 .debug_loc     0x000072b8     0x1cd7 CMakeFiles/CCU6.elf.dir/Drivers/STM32F4xx_HAL_Driver/Src/stm32f4xx_hal_tim_ex.c.obj
 .debug_loc     0x00008f8f     0x49ab CMakeFiles/CCU6.elf.dir/Drivers/STM32F4xx_HAL_Driver/Src/stm32f4xx_hal_uart.c.obj
 .debug_loc     0x0000d93a       0x77 CMakeFiles/CCU6.elf.dir/User/openmv.c.obj
 .debug_loc     0x0000d9b1       0xd1 CMakeFiles/CCU6.elf.dir/User/pid.c.obj
 .debug_loc     0x0000da82       0xb1 CMakeFiles/CCU6.elf.dir/User/servo.c.obj
